<html>
<body>
<pre>
<h1>µVision Build Log</h1>
<h2>Tool Versions:</h2>
IDE-Version: ¦ÌVision V5.35.0.0
Copyright (C) 2021 ARM Ltd and ARM Germany GmbH. All rights reserved.
License Information: 11 Administrator, 11, LIC=SDA0P-MYUN5-56GQ2-989P0-XERBV-AIH1L
 
Tool Versions:
Toolchain:       MDK-ARM Plus  Version: 5.35.0.2
Toolchain Path:  D:\software\Keil5\ARM\ARMCC\Bin
C Compiler:      Armcc.exe V5.06 update 7 (build 960)
Assembler:       Armasm.exe V5.06 update 7 (build 960)
Linker/Locator:  ArmLink.exe V5.06 update 7 (build 960)
Library Manager: ArmAr.exe V5.06 update 7 (build 960)
Hex Converter:   FromElf.exe V5.06 update 7 (build 960)
CPU DLL:         SARMCM3.DLL V5.35.0.2
Dialog DLL:      DCM.DLL V1.17.3.0
Target DLL:      CMSIS_AGDI.dll V1.33.0.0
Dialog DLL:      TCM.DLL V1.53.0.0
 
<h2>Project:</h2>
D:\code\rt-thread-master\bsp\gd32\arm\gd32c113v-eval\project.uvprojx
Project File Date:  09/05/2025

<h2>Output:</h2>
*** Using Compiler 'V5.06 update 7 (build 960)', folder: 'D:\software\Keil5\ARM\ARMCC\Bin'
Rebuild target 'rt-thread'
compiling syscall_mem.c...
compiling cstdlib.c...
compiling cctype.c...
compiling cstring.c...
compiling syscalls.c...
compiling cwchar.c...
compiling cunistd.c...
compiling device.c...
compiling completion_comm.c...
compiling completion_up.c...
compiling ctime.c...
compiling condvar.c...
..\..\..\..\components\drivers\ipc\condvar.c(50): warning:  #68-D: integer conversion resulted in a change of sign
              if (timeout != RT_WAITING_FOREVER)
..\..\..\..\components\drivers\ipc\condvar.c: 1 warning, 0 errors
compiling dataqueue.c...
compiling at24cxx.c...
compiling pipe.c...
compiling main.c...
applications\main.c(171): warning:  #111-D: statement is unreachable
      return RT_EOK;
applications\main.c(82): warning:  #550-D: variable "i2c2_dev"  was set but never used
      struct rt_i2c_bus_device *i2c2_dev;
applications\main.c(96): warning:  #177-D: variable "buf"  was declared but never referenced
      char buf[32];
applications\main.c(97): warning:  #177-D: variable "size"  was declared but never referenced
      rt_size_t size;
applications\main.c: 4 warnings, 0 errors
compiling ringblk_buf.c...
compiling ringbuffer.c...
compiling waitqueue.c...
compiling dev_pin.c...
compiling workqueue.c...
compiling dev_i2c_core.c...
compiling dev_serial.c...
compiling dev_i2c_dev.c...
compiling dev_spi.c...
compiling dev_spi_core.c...
compiling msh.c...
compiling shell.c...
compiling clock.c...
compiling cmd.c...
compiling msh_parse.c...
compiling cpu_up.c...
compiling defunct.c...
compiling components.c...
compiling idle.c...
compiling board.c...
compiling drv_usart.c...
compiling drv_spi.c...
compiling drv_gpio.c...
compiling drv_i2c.c...
compiling irq.c...
compiling mem.c...
compiling kservice.c...
compiling mempool.c...
compiling scheduler_comm.c...
..\..\..\..\src\scheduler_comm.c(484): warning:  #1-D: last line of file ends without a newline
  #endif /* RT_USING_OVERFLOW_CHECK */
..\..\..\..\src\scheduler_comm.c: 1 warning, 0 errors
compiling object.c...
..\..\..\..\src\object.c(726): warning:  #188-D: enumerated type mixed with another type
      if (name == RT_NULL || rt_object_get_information(type) == RT_NULL)
..\..\..\..\src\object.c: 1 warning, 0 errors
compiling ipc.c...
compiling scheduler_up.c...
..\..\..\..\src\scheduler_up.c(719): warning:  #1-D: last line of file ends without a newline
  /**@endcond*/
..\..\..\..\src\scheduler_up.c: 1 warning, 0 errors
compiling timer.c...
compiling thread.c...
compiling rt_vsnprintf_tiny.c...
compiling kstring.c...
compiling kstdio.c...
compiling kerrno.c...
assembling context_rvds.S...
compiling div0.c...
compiling rt_vsscanf.c...
compiling atomic_arm.c...
compiling showmem.c...
compiling cpuport.c...
compiling gd32c11x_adc.c...
compiling gd32c11x_bkp.c...
compiling gd32c11x_crc.c...
compiling gd32c11x_can.c...
compiling gd32c11x_ctc.c...
compiling gd32c11x_dac.c...
compiling gd32c11x_dbg.c...
compiling gd32c11x_dma.c...
compiling gd32c11x_exmc.c...
compiling gd32c11x_fwdgt.c...
compiling gd32c11x_exti.c...
compiling gd32c11x_fmc.c...
compiling gd32c11x_gpio.c...
compiling gd32c11x_i2c.c...
assembling startup_gd32c11x.s...
compiling gd32c11x_misc.c...
compiling gd32c11x_pmu.c...
compiling gd32c11x_rtc.c...
compiling gd32c11x_rcu.c...
compiling gd32c11x_spi.c...
compiling gd32c11x_usart.c...
compiling gd32c11x_timer.c...
compiling gd32c11x_wwdgt.c...
compiling system_gd32c11x.c...
linking...
Program Size: Code=54338 RO-data=8574 RW-data=1032 ZI-data=4880  
FromELF: creating hex file...
".\output\rtthread.axf" - 0 Error(s), 8 Warning(s).

<h2>Software Packages used:</h2>

Package Vendor: ARM
                http://www.keil.com/pack/ARM.CMSIS.5.8.0.pack
                ARM.CMSIS.5.8.0
                CMSIS (Common Microcontroller Software Interface Standard)
   * Component: CORE Version: 5.5.0

Package Vendor: GigaDevice
                https://gd32mcu.com/data/documents/pack/GigaDevice.GD32C11x_DFP.1.3.0.pack
                GigaDevice.GD32C11x_DFP.1.3.0
                GigaDevice GD32C11x Series Device Support and Examples

<h2>Collection of Component include folders:</h2>
  .\RTE\_rt-thread
  D:\software\Keil5\Arm\Packs\ARM\CMSIS\5.8.0\CMSIS\Core\Include
  D:\software\Keil5\Arm\Packs\GigaDevice\GD32C11x_DFP\1.3.0\Device\Include

<h2>Collection of Component Files used:</h2>

   * Component: ARM::CMSIS:CORE:5.5.0
Build Time Elapsed:  00:00:04
</pre>
</body>
</html>
